2026-05-23T14:58:49.530+05:30  INFO 9008 --- [demo] [main] com.example.demo.DemoApplication         : Starting DemoApplication using Java 21.0.9 with PID 9008 (D:\Demo Microservices\demo\target\classes started by vikas in D:\Demo Microservices\demo)
2026-05-23T14:58:49.538+05:30  INFO 9008 --- [demo] [main] com.example.demo.DemoApplication         : No active profile set, falling back to 1 default profile: "default"
2026-05-23T14:58:50.650+05:30  INFO 9008 --- [demo] [main] .s.d.r.c.RepositoryConfigurationDelegate : Bootstrapping Spring Data JPA repositories in DEFAULT mode.
2026-05-23T14:58:50.767+05:30  INFO 9008 --- [demo] [main] .s.d.r.c.RepositoryConfigurationDelegate : Finished Spring Data repository scanning in 100 ms. Found 5 JPA repository interfaces.
2026-05-23T14:58:51.424+05:30  INFO 9008 --- [demo] [main] o.s.boot.tomcat.TomcatWebServer          : Tomcat initialized with port 8080 (http)
2026-05-23T14:58:51.450+05:30  INFO 9008 --- [demo] [main] o.apache.catalina.core.StandardService   : Starting service [Tomcat]
2026-05-23T14:58:51.450+05:30  INFO 9008 --- [demo] [main] o.apache.catalina.core.StandardEngine    : Starting Servlet engine: [Apache Tomcat/11.0.14]
2026-05-23T14:58:51.606+05:30  INFO 9008 --- [demo] [main] b.w.c.s.WebApplicationContextInitializer : Root WebApplicationContext: initialization completed in 1961 ms
2026-05-23T14:58:52.020+05:30  INFO 9008 --- [demo] [main] com.zaxxer.hikari.HikariDataSource       : HikariPool-1 - Starting...
2026-05-23T14:58:52.442+05:30  INFO 9008 --- [demo] [main] com.zaxxer.hikari.pool.HikariPool        : HikariPool-1 - Added connection org.postgresql.jdbc.PgConnection@3b4ef59f
2026-05-23T14:58:52.442+05:30  INFO 9008 --- [demo] [main] com.zaxxer.hikari.HikariDataSource       : HikariPool-1 - Start completed.
2026-05-23T14:58:52.517+05:30  INFO 9008 --- [demo] [main] o.hibernate.jpa.internal.util.LogHelper  : HHH000204: Processing PersistenceUnitInfo [name: default]
2026-05-23T14:58:52.623+05:30  INFO 9008 --- [demo] [main] org.hibernate.Version                    : HHH000412: Hibernate ORM core version 7.1.8.Final
2026-05-23T14:58:53.541+05:30  INFO 9008 --- [demo] [main] o.s.o.j.p.SpringPersistenceUnitInfo      : No LoadTimeWeaver setup: ignoring JPA class transformer
2026-05-23T14:58:53.743+05:30  INFO 9008 --- [demo] [main] org.hibernate.orm.connections.pooling    : HHH10001005: Database info:
	Database JDBC URL [jdbc:postgresql://localhost:5432/mydb]
	Database driver: PostgreSQL JDBC Driver
	Database dialect: PostgreSQLDialect
	Database version: 18.1
	Default catalog/schema: mydb/public
	Autocommit mode: undefined/unknown
	Isolation level: READ_COMMITTED [default READ_COMMITTED]
	JDBC fetch size: none
	Pool: DatasourceConnectionProviderImpl
	Minimum pool size: undefined/unknown
	Maximum pool size: undefined/unknown
2026-05-23T14:58:54.966+05:30  INFO 9008 --- [demo] [main] o.h.e.t.j.p.i.JtaPlatformInitiator       : HHH000489: No JTA platform available (set 'hibernate.transaction.jta.platform' to enable JTA platform integration)
2026-05-23T14:58:54.966+05:30  INFO 9008 --- [demo] [main] j.LocalContainerEntityManagerFactoryBean : Initialized JPA EntityManagerFactory for persistence unit 'default'
2026-05-23T14:58:55.109+05:30  INFO 9008 --- [demo] [main] o.s.d.j.r.query.QueryEnhancerFactories   : Hibernate is in classpath; If applicable, HQL parser will be used.
2026-05-23T14:58:56.409+05:30  WARN 9008 --- [demo] [main] JpaBaseConfiguration$JpaWebConfiguration : spring.jpa.open-in-view is enabled by default. Therefore, database queries may be performed during view rendering. Explicitly configure spring.jpa.open-in-view to disable this warning
2026-05-23T14:58:56.926+05:30  INFO 9008 --- [demo] [main] o.s.b.a.e.web.EndpointLinksResolver      : Exposing 2 endpoints beneath base path '/actuator'
2026-05-23T14:58:57.039+05:30  INFO 9008 --- [demo] [main] o.s.boot.tomcat.TomcatWebServer          : Tomcat started on port 8080 (http) with context path '/'
2026-05-23T14:58:57.039+05:30  INFO 9008 --- [demo] [main] com.example.demo.DemoApplication         : Started DemoApplication in 8.155 seconds (process running for 8.716)
2026-05-23T14:59:45.033+05:30  INFO 9008 --- [demo] [http-nio-8080-exec-1] o.a.c.c.C.[Tomcat].[localhost].[/]       : Initializing Spring DispatcherServlet 'dispatcherServlet'
2026-05-23T14:59:45.033+05:30  INFO 9008 --- [demo] [http-nio-8080-exec-1] o.s.web.servlet.DispatcherServlet        : Initializing Servlet 'dispatcherServlet'
2026-05-23T14:59:45.051+05:30  INFO 9008 --- [demo] [http-nio-8080-exec-1] o.s.web.servlet.DispatcherServlet        : Completed initialization in 18 ms
